$ next build --webpack
▲ Next.js 16.3.5 (webpack)
- Environments: .env.local
✓ Running next.config.ts took 24ms
- Experiments (use with caution):
  ⨯ useTypeScriptCli

  Creating an optimized production build ...
✓ Compiled successfully in 3.6s
  Running TypeScript ...
  Finished TypeScript in 9.1s ...
  Collecting page data using 3 workers ...
  Generating static pages using 3 workers (0/7) ...
  Generating static pages using 3 workers (1/7) 
  Generating static pages using 3 workers (3/7) 
  Generating static pages using 3 workers (5/7) 
✓ Generating static pages using 3 workers (7/7) in 1081ms
  Finalizing page optimization ...
  Collecting build traces ...

Route (app)
┌ ○ /
├ ○ /_not-found
├ ƒ /api/estat/data
├ ƒ /api/estat/meta
└ ƒ /api/estat/stats-list


○  (Static)   prerendered as static content
ƒ  (Dynamic)  server-rendered on demand

